// Jest Snapshot v1, https://goo.gl/fbAQLP

exports[`renders app component App component match snapshot 1`] = `
Array [
  <h1>
    Site Loading...
  </h1>,
]
`;
