// Jest Snapshot v1, https://goo.gl/fbAQLP

exports[`Card Loading should render correctly 1`] = `
<div
  className="MuiGrid-root MuiGrid-item MuiGrid-grid-xs-8 MuiGrid-grid-md-6 MuiGrid-grid-lg-3 css-13i4rnv-MuiGrid-root"
>
  <div
    className="MuiPaper-root MuiPaper-elevation MuiPaper-rounded MuiPaper-elevation1 MuiCard-root css-bhp9pd-MuiPaper-root-MuiCard-root"
    style={
      Object {
        "padding": "1rem",
      }
    }
  >
    <span
      className="MuiSkeleton-root MuiSkeleton-text MuiSkeleton-pulse css-19vxxfm-MuiSkeleton-root"
      style={
        Object {
          "height": undefined,
          "width": undefined,
        }
      }
    />
    <span
      className="MuiSkeleton-root MuiSkeleton-text MuiSkeleton-pulse css-19vxxfm-MuiSkeleton-root"
      style={
        Object {
          "height": undefined,
          "width": undefined,
        }
      }
    />
    <span
      className="MuiSkeleton-root MuiSkeleton-text MuiSkeleton-pulse css-19vxxfm-MuiSkeleton-root"
      style={
        Object {
          "height": undefined,
          "width": undefined,
        }
      }
    />
  </div>
</div>
`;
