// Jest Snapshot v1, https://goo.gl/fbAQLP

exports[`Contact should render correctly 1`] = `ShallowWrapper {}`;
