// Jest Snapshot v1, https://goo.gl/fbAQLP

exports[`render journey component should match journey component snapshot 1`] = `
<div
  className="MuiContainer-root MuiContainer-maxWidthLg css-1oqqzyl-MuiContainer-root"
>
  <div
    className="journey-page--search-section"
  >
    <form
      action=""
      onSubmit={[Function]}
    >
      <div
        className="journey-page--search-section--div"
      >
        <input
          onBlur={[Function]}
          onChange={[Function]}
          placeholder="search by departure station name"
          type="search"
        />
        <button
          type="submit"
        >
          <i
            className="fa-solid fa-magnifying-glass"
          />
        </button>
      </div>
    </form>
  </div>
  <div
    className="css-1macvdz-MuiStack-root"
  >
    <h5
      className="MuiTypography-root MuiTypography-h5 MuiTypography-gutterBottom css-h93ljk-MuiTypography-root"
    >
      Journey list view
    </h5>
  </div>
  <div
    className="MuiPaper-root MuiPaper-elevation MuiPaper-rounded MuiPaper-elevation1 MuiCard-root css-bhp9pd-MuiPaper-root-MuiCard-root"
  >
    <div
      className="MuiBox-root css-2jauji"
    >
      <div
        aria-colcount={7}
        aria-multiselectable={false}
        aria-rowcount={1}
        className="MuiDataGrid-root MuiDataGrid-autoHeight MuiDataGrid-root--densityStandard css-1e2bxag-MuiDataGrid-root"
        role="grid"
      >
        <div
          className="MuiDataGrid-main css-204u17-MuiDataGrid-main"
        >
          <div
            className="MuiDataGrid-overlay css-f7tavo-MuiDataGrid-overlay"
          >
            Cannot set properties of null (setting 'scrollLeft')
          </div>
        </div>
      </div>
    </div>
  </div>
  <div
    className="station-page--pagination"
  />
</div>
`;
